// Jest Snapshot v1, https://goo.gl/fbAQLP

exports[`appendIconStyle should create a style tag 1`] = `
<body>
  <style
    id="sharect-style"
  >
    .SelectionPopup__NoCollisions svg{fill:#F34;}
  </style>
</body>
`;
